------------------------------------------------------------
TimeQuest Timing Analyzer Summary
------------------------------------------------------------

Type  : Slow 1200mV 85C Model Setup 'lcd_sync_inst|pll_ltm_inst|altpll_component|auto_generated|pll1|clk[0]'
Slack : 29.310
TNS   : 0.000

Type  : Slow 1200mV 85C Model Hold 'lcd_sync_inst|pll_ltm_inst|altpll_component|auto_generated|pll1|clk[0]'
Slack : 0.447
TNS   : 0.000

Type  : Slow 1200mV 85C Model Minimum Pulse Width 'CLK'
Slack : 9.891
TNS   : 0.000

Type  : Slow 1200mV 85C Model Minimum Pulse Width 'lcd_sync_inst|pll_ltm_inst|altpll_component|auto_generated|pll1|clk[0]'
Slack : 19.709
TNS   : 0.000

Type  : Slow 1200mV 0C Model Setup 'lcd_sync_inst|pll_ltm_inst|altpll_component|auto_generated|pll1|clk[0]'
Slack : 30.310
TNS   : 0.000

Type  : Slow 1200mV 0C Model Hold 'lcd_sync_inst|pll_ltm_inst|altpll_component|auto_generated|pll1|clk[0]'
Slack : 0.404
TNS   : 0.000

Type  : Slow 1200mV 0C Model Minimum Pulse Width 'CLK'
Slack : 9.887
TNS   : 0.000

Type  : Slow 1200mV 0C Model Minimum Pulse Width 'lcd_sync_inst|pll_ltm_inst|altpll_component|auto_generated|pll1|clk[0]'
Slack : 19.710
TNS   : 0.000

Type  : Fast 1200mV 0C Model Setup 'lcd_sync_inst|pll_ltm_inst|altpll_component|auto_generated|pll1|clk[0]'
Slack : 34.041
TNS   : 0.000

Type  : Fast 1200mV 0C Model Hold 'lcd_sync_inst|pll_ltm_inst|altpll_component|auto_generated|pll1|clk[0]'
Slack : 0.202
TNS   : 0.000

Type  : Fast 1200mV 0C Model Minimum Pulse Width 'CLK'
Slack : 9.574
TNS   : 0.000

Type  : Fast 1200mV 0C Model Minimum Pulse Width 'lcd_sync_inst|pll_ltm_inst|altpll_component|auto_generated|pll1|clk[0]'
Slack : 19.749
TNS   : 0.000

------------------------------------------------------------
