------------------------------------------------------------
TimeQuest Timing Analyzer Summary
------------------------------------------------------------

Type  : Slow 1200mV 85C Model Setup 'lcd_sync_inst|PLL_VGA_inst|altpll_component|auto_generated|pll1|clk[0]'
Slack : 36.177
TNS   : 0.000

Type  : Slow 1200mV 85C Model Hold 'lcd_sync_inst|PLL_VGA_inst|altpll_component|auto_generated|pll1|clk[0]'
Slack : 0.448
TNS   : 0.000

Type  : Slow 1200mV 85C Model Minimum Pulse Width 'CLK'
Slack : 9.891
TNS   : 0.000

Type  : Slow 1200mV 85C Model Minimum Pulse Width 'lcd_sync_inst|PLL_VGA_inst|altpll_component|auto_generated|pll1|clk[0]'
Slack : 19.707
TNS   : 0.000

Type  : Slow 1200mV 0C Model Setup 'lcd_sync_inst|PLL_VGA_inst|altpll_component|auto_generated|pll1|clk[0]'
Slack : 36.527
TNS   : 0.000

Type  : Slow 1200mV 0C Model Hold 'lcd_sync_inst|PLL_VGA_inst|altpll_component|auto_generated|pll1|clk[0]'
Slack : 0.406
TNS   : 0.000

Type  : Slow 1200mV 0C Model Minimum Pulse Width 'CLK'
Slack : 9.887
TNS   : 0.000

Type  : Slow 1200mV 0C Model Minimum Pulse Width 'lcd_sync_inst|PLL_VGA_inst|altpll_component|auto_generated|pll1|clk[0]'
Slack : 19.709
TNS   : 0.000

Type  : Fast 1200mV 0C Model Setup 'lcd_sync_inst|PLL_VGA_inst|altpll_component|auto_generated|pll1|clk[0]'
Slack : 38.142
TNS   : 0.000

Type  : Fast 1200mV 0C Model Hold 'lcd_sync_inst|PLL_VGA_inst|altpll_component|auto_generated|pll1|clk[0]'
Slack : 0.205
TNS   : 0.000

Type  : Fast 1200mV 0C Model Minimum Pulse Width 'CLK'
Slack : 9.574
TNS   : 0.000

Type  : Fast 1200mV 0C Model Minimum Pulse Width 'lcd_sync_inst|PLL_VGA_inst|altpll_component|auto_generated|pll1|clk[0]'
Slack : 19.780
TNS   : 0.000

------------------------------------------------------------
