Archive Project report for lights_game_fsm
Tue Nov 09 18:17:48 2021
Quartus Prime Version 17.1.0 Build 590 10/25/2017 SJ Lite Edition


---------------------
; Table of Contents ;
---------------------
  1. Legal Notice
  2. Archive Project Summary
  3. Archive Project Messages
  4. Files Archived



----------------
; Legal Notice ;
----------------
Copyright (C) 2017  Intel Corporation. All rights reserved.
Your use of Intel Corporation's design tools, logic functions 
and other software and tools, and its AMPP partner logic 
functions, and any output files from any of the foregoing 
(including device programming or simulation files), and any 
associated documentation or information are expressly subject 
to the terms and conditions of the Intel Program License 
Subscription Agreement, the Intel Quartus Prime License Agreement,
the Intel FPGA IP License Agreement, or other applicable license
agreement, including, without limitation, that your use is for
the sole purpose of programming logic devices manufactured by
Intel and sold by Intel or its authorized distributors.  Please
refer to the applicable agreement for further details.



+----------------------------------------------------------------+
; Archive Project Summary                                        ;
+------------------------+---------------------------------------+
; Archive Project Status ; Successful - Tue Nov 09 18:17:48 2021 ;
; Revision Name          ; lights_game_fsm                       ;
; Top-level Entity Name  ; lights_game_fsm                       ;
; Family                 ; Cyclone IV E                          ;
+------------------------+---------------------------------------+


+--------------------------+
; Archive Project Messages ;
+--------------------------+
Info: File Set 'Source control' contains:
    Info: Project source and settings files
    Info: Automatically detected source files
Warning: Hierarchical Platform Designer systems and custom IP components(_hw.tcl and associated files) are not archived by the Quartus Archiver
Info: Archive will store files relative to the closest common parent directory
Info (13213): Using common directory D:/Juan/Escritorio/Master/Cuatrimestre A/Sistemas Digitales Programables/sdp/juan_sdp/Tarea2_3/
Info: ----------------------------------------------------------
Info: ----------------------------------------------------------
Info: Generated archive 'D:/Juan/Escritorio/Master/Cuatrimestre A/Sistemas Digitales Programables/sdp/juan_sdp/Tarea2_3/lights_game_fsm.qar'
Info: ----------------------------------------------------------
Info: ----------------------------------------------------------
Info: Generated report 'lights_game_fsm.archive.rpt'
Info (23030): Evaluation of Tcl script d:/quartus/quartus/common/tcl/apps/qpm/qar.tcl was successful
Info: Quartus Prime Shell was successful. 0 errors, 1 warning
    Info: Peak virtual memory: 4819 megabytes
    Info: Processing ended: Tue Nov 09 18:17:48 2021
    Info: Elapsed time: 00:00:02
    Info: Total CPU time (on all processors): 00:00:02


+--------------------------------------------------+
; Files Archived                                   ;
+--------------------------------------------------+
; File Name                                        ;
+--------------------------------------------------+
; counter_var.v                                    ;
; counter_var.vwf                                  ;
; d:/quartus/quartus/bin64/assignment_defaults.qdf ;
; lights_game_fsm.qpf                              ;
; lights_game_fsm.qsf                              ;
; lights_game_fsm.v                                ;
; luces_fsm.v                                      ;
; luces_fsm.vwf                                    ;
; MathFun.vh                                       ;
; mealy_button.v                                   ;
; mealy_fsm.vwf                                    ;
; n_counter.v                                      ;
; Waveform.vwf                                     ;
+--------------------------------------------------+


