------------------------------------------------------------
TimeQuest Timing Analyzer Summary
------------------------------------------------------------

Type  : Slow 1200mV 85C Model Setup 'clk'
Slack : -2.947
TNS   : -63.673

Type  : Slow 1200mV 85C Model Hold 'clk'
Slack : 0.641
TNS   : 0.000

Type  : Slow 1200mV 85C Model Recovery 'n_shift_reg:reg_14|PR[0]'
Slack : -7.688
TNS   : -7.688

Type  : Slow 1200mV 85C Model Removal 'n_shift_reg:reg_14|PR[0]'
Slack : 0.932
TNS   : 0.000

Type  : Slow 1200mV 85C Model Minimum Pulse Width 'clk'
Slack : -3.000
TNS   : -51.830

Type  : Slow 1200mV 85C Model Minimum Pulse Width 'n_shift_reg:reg_14|PR[0]'
Slack : 0.337
TNS   : 0.000

Type  : Slow 1200mV 0C Model Setup 'clk'
Slack : -2.597
TNS   : -53.341

Type  : Slow 1200mV 0C Model Hold 'clk'
Slack : 0.587
TNS   : 0.000

Type  : Slow 1200mV 0C Model Recovery 'n_shift_reg:reg_14|PR[0]'
Slack : -7.063
TNS   : -7.063

Type  : Slow 1200mV 0C Model Removal 'n_shift_reg:reg_14|PR[0]'
Slack : 0.847
TNS   : 0.000

Type  : Slow 1200mV 0C Model Minimum Pulse Width 'clk'
Slack : -3.000
TNS   : -51.830

Type  : Slow 1200mV 0C Model Minimum Pulse Width 'n_shift_reg:reg_14|PR[0]'
Slack : 0.295
TNS   : 0.000

Type  : Fast 1200mV 0C Model Setup 'clk'
Slack : -0.916
TNS   : -11.629

Type  : Fast 1200mV 0C Model Hold 'clk'
Slack : 0.224
TNS   : 0.000

Type  : Fast 1200mV 0C Model Recovery 'n_shift_reg:reg_14|PR[0]'
Slack : -3.603
TNS   : -3.603

Type  : Fast 1200mV 0C Model Removal 'n_shift_reg:reg_14|PR[0]'
Slack : 0.352
TNS   : 0.000

Type  : Fast 1200mV 0C Model Minimum Pulse Width 'clk'
Slack : -3.000
TNS   : -42.526

Type  : Fast 1200mV 0C Model Minimum Pulse Width 'n_shift_reg:reg_14|PR[0]'
Slack : 0.336
TNS   : 0.000

------------------------------------------------------------
